>>> say_my_name = __import__('3-say_my_name').say_my_name

# normal full name
>>> say_my_name("John", "Smith")
My name is John Smith

# normal with default last name
>>> say_my_name("Bob")
My name is Bob 

# another normal full name
>>> say_my_name("Walter", "White")
My name is Walter White

# first_name not string
>>> say_my_name(12, "White")
Traceback (most recent call last):
    ...
TypeError: first_name must be a string

# last_name not string
>>> say_my_name("John", 42)
Traceback (most recent call last):
    ...
TypeError: last_name must be a string
